// Jest Snapshot v1, https://goo.gl/fbAQLP

exports[`Pruebas en <RealExample /> debe mostrarse correctamente 1`] = `
<div>
  <h1>
    Real Ref
  </h1>
  <hr />
  <button
    className="btn btn-outline-dark mt-5"
    onClick={[Function]}
  >
    Show / Hide
  </button>
</div>
`;
