// Jest Snapshot v1, https://goo.gl/fbAQLP

exports[`Pruebas <HookApp /> Debe Mostrar <HookApp /> correctamente 1`] = `
<div>
  <h1>
    Hola Mundo
  </h1>
</div>
`;
